### case nullary-identifier, 2 frames

### pass 1: --savetaskgraphasprogram --providecontext n
let op0(n)=foo
let op1(n)=bar(op0(n))
save "result" op1(0)
### pass 2: --savetaskgraphasprogram
let op0=0
let op1=foo
let op2=bar(op1)
save "result" op2
### pass 3: --evaluatespatiotemporal
import "stdlib2.imgql"

let op0 = foo)
let op1 = bar(op0)
save "result.png" op1
