### case self-bound-labelling, 2 frames, 2 labels

### pass 1: --savetaskgraphasprogram --providecontext n --maxlabels 2
[TIME] [fail] the labelling that exists ranges over for 'l' depends on 'l' itself
EXIT 1

### pass 2: --savetaskgraphasprogram
SKIPPED: pass 1 produced no output

### pass 3: --evaluatespatiotemporal
SKIPPED: pass 2 produced no output

### probe, pass 1: --savetaskgraphasprogram --providecontext n --probe
[TIME] [fail] the labelling that exists ranges over for 'l' depends on 'l' itself
EXIT 1

### probe, pass 3: --evaluatespatiotemporal
SKIPPED: the probe produced no output
