### case until-final, 10 frames

### pass 1: --savetaskgraphasprogram --providecontext n
let op0(n)="video.avi"
let op1(n)=load(op0(n))
let op2(n)=n
let op3(n)=frame(op1(n),op2(n))
let op4(n)=intensity(op3(n))
let op5(n)=42
let op6(n)=gt(op4(n),op5(n))
let op7(n)=52
let op8(n)=gt(op4(n),op7(n))
let op10(n)=and(op6(n),op8(inc(n)))
let op11(n)=or(op8(n),op10(n))
let op12(n)=and(op6(n),op11(inc(n)))
let op13(n)=or(op8(n),op12(n))
let op14(n)=and(op6(n),op13(inc(n)))
let op15(n)=or(op8(n),op14(n))
let op16(n)=and(op6(n),op15(inc(n)))
let op17(n)=or(op8(n),op16(n))
let op18(n)=and(op6(n),op17(inc(n)))
let op19(n)=or(op8(n),op18(n))
let op20(n)=and(op6(n),op19(inc(n)))
let op21(n)=or(op8(n),op20(n))
let op22(n)=and(op6(n),op21(inc(n)))
let op23(n)=or(op8(n),op22(n))
let op24(n)=and(op6(n),op23(inc(n)))
let op25(n)=or(op8(n),op24(n))
let op26(n)=and(op6(n),op25(inc(n)))
let op27(n)=or(op8(n),op26(n))
let op28(n)=and(op6(n),op27(inc(n)))
let op29(n)=or(op8(n),op28(n))
save "result" op29(0)
### pass 2: --savetaskgraphasprogram
let op0=0
let op1="video.avi"
let op2=load(op1)
let op3=frame(op2,op0)
let op4=intensity(op3)
let op5=52
let op6=gt(op4,op5)
let op7=42
let op8=gt(op4,op7)
let op9=inc(op0)
let op10=frame(op2,op9)
let op11=intensity(op10)
let op12=gt(op11,op5)
let op13=gt(op11,op7)
let op14=inc(op9)
let op15=frame(op2,op14)
let op16=intensity(op15)
let op17=gt(op16,op5)
let op18=gt(op16,op7)
let op19=inc(op14)
let op20=frame(op2,op19)
let op21=intensity(op20)
let op22=gt(op21,op5)
let op23=gt(op21,op7)
let op24=inc(op19)
let op25=frame(op2,op24)
let op26=intensity(op25)
let op27=gt(op26,op5)
let op28=gt(op26,op7)
let op29=inc(op24)
let op30=frame(op2,op29)
let op31=intensity(op30)
let op32=gt(op31,op5)
let op33=gt(op31,op7)
let op34=inc(op29)
let op35=frame(op2,op34)
let op36=intensity(op35)
let op37=gt(op36,op5)
let op38=gt(op36,op7)
let op39=inc(op34)
let op40=frame(op2,op39)
let op41=intensity(op40)
let op42=gt(op41,op5)
let op43=gt(op41,op7)
let op44=inc(op39)
let op45=frame(op2,op44)
let op46=intensity(op45)
let op47=gt(op46,op5)
let op48=gt(op46,op7)
let op49=inc(op44)
let op50=frame(op2,op49)
let op51=intensity(op50)
let op52=gt(op51,op5)
let op53=gt(op51,op7)
let op54=inc(op49)
let op55=frame(op2,op54)
let op56=intensity(op55)
let op57=gt(op56,op5)
let op58=and(op53,op57)
let op59=or(op52,op58)
let op60=and(op48,op59)
let op61=or(op47,op60)
let op62=and(op43,op61)
let op63=or(op42,op62)
let op64=and(op38,op63)
let op65=or(op37,op64)
let op66=and(op33,op65)
let op67=or(op32,op66)
let op68=and(op28,op67)
let op69=or(op27,op68)
let op70=and(op23,op69)
let op71=or(op22,op70)
let op72=and(op18,op71)
let op73=or(op17,op72)
let op74=and(op13,op73)
let op75=or(op12,op74)
let op76=and(op8,op75)
let op77=or(op6,op76)
save "result" op77
### pass 3: --evaluatespatiotemporal
import "stdlib2.imgql"

let op0 = "video.avi"
load videoAt0 = "frames/video_0.png"
load videoAt1 = "frames/video_1.png"
load videoAt2 = "frames/video_2.png"
load videoAt3 = "frames/video_3.png"
load videoAt4 = "frames/video_4.png"
load videoAt5 = "frames/video_5.png"
load videoAt6 = "frames/video_6.png"
load videoAt7 = "frames/video_7.png"
load videoAt8 = "frames/video_8.png"
load videoAt9 = "frames/video_9.png"
load videoAt10 = "frames/video_9.png"
let op2 = 0
let op3 = videoAt0
let op4 = intensity(op3)
let op5 = 52
let op6 = gt(op4,op5)
let op7 = 42
let op8 = gt(op4,op7)
let op10 = videoAt1
let op11 = intensity(op10)
let op12 = gt(op11,op5)
let op13 = gt(op11,op7)
let op15 = videoAt2
let op16 = intensity(op15)
let op17 = gt(op16,op5)
let op18 = gt(op16,op7)
let op20 = videoAt3
let op21 = intensity(op20)
let op22 = gt(op21,op5)
let op23 = gt(op21,op7)
let op25 = videoAt4
let op26 = intensity(op25)
let op27 = gt(op26,op5)
let op28 = gt(op26,op7)
let op30 = videoAt5
let op31 = intensity(op30)
let op32 = gt(op31,op5)
let op33 = gt(op31,op7)
let op35 = videoAt6
let op36 = intensity(op35)
let op37 = gt(op36,op5)
let op38 = gt(op36,op7)
let op40 = videoAt7
let op41 = intensity(op40)
let op42 = gt(op41,op5)
let op43 = gt(op41,op7)
let op45 = videoAt8
let op46 = intensity(op45)
let op47 = gt(op46,op5)
let op48 = gt(op46,op7)
let op50 = videoAt9
let op51 = intensity(op50)
let op52 = gt(op51,op5)
let op53 = gt(op51,op7)
let op55 = videoAt10
let op56 = intensity(op55)
let op57 = gt(op56,op5)
let op58 = and(op53,op57)
let op59 = or(op52,op58)
let op60 = and(op48,op59)
let op61 = or(op47,op60)
let op62 = and(op43,op61)
let op63 = or(op42,op62)
let op64 = and(op38,op63)
let op65 = or(op37,op64)
let op66 = and(op33,op65)
let op67 = or(op32,op66)
let op68 = and(op28,op67)
let op69 = or(op27,op68)
let op70 = and(op23,op69)
let op71 = or(op22,op70)
let op72 = and(op18,op71)
let op73 = or(op17,op72)
let op74 = and(op13,op73)
let op75 = or(op12,op74)
let op76 = and(op8,op75)
let op77 = or(op6,op76)
save "result.png" op77
