### case until-nested, 2 frames

### pass 1: --savetaskgraphasprogram --providecontext n
let op0(n)="video.avi"
let op1(n)=load(op0(n))
let op2(n)=n
let op3(n)=frame(op1(n),op2(n))
let op4(n)=intensity(op3(n))
let op5(n)=42
let op6(n)=gt(op4(n),op5(n))
let op7(n)=52
let op8(n)=gt(op4(n),op7(n))
let op11(n)=and(op6(n),op8(inc(n)))
let op12(n)=or(op8(n),op11(n))
let op13(n)=and(op6(n),op12(inc(n)))
let op14(n)=or(op8(n),op13(n))
let op15(n)=and(op14(n),op8(inc(n)))
let op16(n)=or(op8(n),op15(n))
let op17(n)=and(op14(n),op16(inc(n)))
let op18(n)=or(op8(n),op17(n))
save "result" op18(0)
### pass 2: --savetaskgraphasprogram
let op0=0
let op1="video.avi"
let op2=load(op1)
let op3=frame(op2,op0)
let op4=intensity(op3)
let op5=52
let op6=gt(op4,op5)
let op7=42
let op8=gt(op4,op7)
let op9=inc(op0)
let op10=frame(op2,op9)
let op11=intensity(op10)
let op12=gt(op11,op5)
let op13=gt(op11,op7)
let op14=inc(op9)
let op15=frame(op2,op14)
let op16=intensity(op15)
let op17=gt(op16,op5)
let op18=and(op13,op17)
let op19=or(op12,op18)
let op20=and(op8,op19)
let op21=or(op6,op20)
let op22=gt(op16,op7)
let op23=inc(op14)
let op24=frame(op2,op23)
let op25=intensity(op24)
let op26=gt(op25,op5)
let op27=and(op22,op26)
let op28=or(op17,op27)
let op29=and(op13,op28)
let op30=or(op12,op29)
let op31=and(op30,op17)
let op32=or(op12,op31)
let op33=and(op21,op32)
let op34=or(op6,op33)
save "result" op34
### pass 3: --evaluatespatiotemporal
EXIT 134
Unhandled exception. the specification refers to frame 3 of 'video', but only frames 0 to 2 exist: 2 frame(s), and one repetition of the last one for the step that looks past the end
