### case wrong-context-name, 2 frames

### pass 1: --savetaskgraphasprogram --providecontext n
EXIT 134
Unhandled exception. 'm' is used as a frame index, but the frame reference of this specification is 'n'

### pass 2: --savetaskgraphasprogram
SKIPPED: pass 1 produced no output

### pass 3: --evaluatespatiotemporal
SKIPPED: pass 2 produced no output
